I'm sorry, but errors were detected in your script. Please correct the
errors listed below, and try again.


File "game/dialogues/corridor.rpy", line 8: invalid syntax
    renpy.jump("crridor_" + str(position))S
                                           ^

Ren'Py Version: Ren'Py 8.2.1.24030407
Wed Mar 13 21:19:12 2024
